npm notice run frontend@0.0.0 npx
npm notice run tsc --noEmit --pretty
